
> base44-app@0.0.0 build
> vite build

[base44] Proxy not enabled (VITE_BASE44_APP_BASE_URL not set)
node.exe : 
(node:1924) Warning: 
Failed to load the 
ES module: E:\Bid2uni
corn\postcss.config.c
js. Make sure to set 
"type": "module" in 
the nearest 
package.json file or 
use the .mjs 
extension.
At line:1 char:1
+ & "C:\Program Files
\nodejs/node.exe" "C:
\Users\nagra\AppData\
Roaming\ ...
+ ~~~~~~~~~~~~~~~~~~~
~~~~~~~~~~~~~~~~~~~~~
~~~~~~~~~~~~~~~~~~~~~
~~~~~~~~
    + CategoryInfo   
           : NotSpe  
  cified: ((node:1   
 924) War....mjs     
extension.:Strin    
g) [], RemoteExc    
eption
    + FullyQualified 
   ErrorId : Native  
  CommandError
 
(Use `node 
--trace-warnings 
...` to show where 
the warning was 
created)
[31mΓ£ù[39m Build 
failed in 68ms
[31merror during 
build:
[31m[vite:css] 
Failed to load 
PostCSS config 
(searchPath: 
E:/Bid2unicorn): 
[SyntaxError] 
Unexpected token 
'export'
E:\Bid2unicorn\postcs
s.config.cjs:1
export default {
^^^^^^

SyntaxError: 
Unexpected token 
'export'
    at wrapSafe (node
:internal/modules/cjs
/loader:1638:18)
    at 
Module._compile (node
:internal/modules/cjs
/loader:1680:20)
    at Object..js (no
de:internal/modules/c
js/loader:1839:10)
    at Module.load (n
ode:internal/modules/
cjs/loader:1441:32)
    at 
Function._load (node:
internal/modules/cjs/
loader:1263:12)
    at TracingChannel
.traceSync (node:diag
nostics_channel:328:1
4)
    at 
wrapModuleLoad (node:
internal/modules/cjs/
loader:237:24)
    at cjsLoader (nod
e:internal/modules/es
m/translators:309:5)
    at ModuleWrap.<an
onymous> (node:intern
al/modules/esm/transl
ators:202:7)
    at ModuleJob.run 
(node:internal/module
s/esm/module_job:343:
25)[31m
file: [36mE:/Bid2uni
corn/src/index.css[3
1m
[39m
